Starting org.bukkit.craftbukkit.Main
[22:40:52 INFO]: [bootstrap] Running Java 21 (OpenJDK 64-Bit Server VM 21.0.10+7-LTS; Eclipse Adoptium Temurin-21.0.10+7) on Windows 10 10.0 (amd64)
[22:40:52 INFO]: [bootstrap] Loading Paper 1.21.11-132-ver/1.21.11@c5eb079 (2026-05-11T11:43:09Z) for Minecraft 1.21.11
[22:40:53 INFO]: [PluginInitializerManager] Initializing plugins...
[22:40:53 INFO]: [ReobfServer] Remapping server...
[22:40:57 INFO]: [ReobfServer] Done remapping server in 3968ms.
[22:40:57 INFO]: [PluginRemapper] Remapping plugin 'plugins\observance-0.5.0.jar'...
[22:40:58 INFO]: [PluginRemapper] Done remapping plugin 'plugins\observance-0.5.0.jar' in 527ms.
[22:40:58 INFO]: [PluginInitializerManager] Initialized 1 plugin
[22:40:58 INFO]: [PluginInitializerManager] Bukkit plugins (1):
 - Observance (0.5.0)
[22:41:02 INFO]: Environment: Environment[sessionHost=https://sessionserver.mojang.com, servicesHost=https://api.minecraftservices.com, profilesHost=https://api.mojang.com, name=PROD]
[22:41:02 INFO]: Found new data pack file/bukkit, loading it automatically
[22:41:02 INFO]: Found new data pack paper, loading it automatically
[31;1m[22:41:02 ERROR]: Failed to request yggdrasil public key
com.mojang.authlib.exceptions.MinecraftClientException: Failed to read from https://api.minecraftservices.com/publickeys due to (certificate_unknown) PKIX path building failed: sun.security.provider.certpath.SunCertPathBuilderException: unable to find valid certification path to requested target
	at com.mojang.authlib.minecraft.client.MinecraftClient.readInputStream(MinecraftClient.java:111) ~[authlib-7.0.61.jar:?]
	at com.mojang.authlib.minecraft.client.MinecraftClient.get(MinecraftClient.java:56) ~[authlib-7.0.61.jar:?]
	at com.mojang.authlib.yggdrasil.YggdrasilServicesKeyInfo.fetch(YggdrasilServicesKeyInfo.java:114) ~[authlib-7.0.61.jar:?]
	at com.mojang.authlib.yggdrasil.YggdrasilServicesKeyInfo$1.run(YggdrasilServicesKeyInfo.java:89) ~[authlib-7.0.61.jar:?]
	at java.base/java.util.concurrent.Executors$RunnableAdapter.call(Executors.java:572) ~[?:?]
	at java.base/java.util.concurrent.FutureTask.run(FutureTask.java:317) ~[?:?]
	at java.base/java.util.concurrent.ScheduledThreadPoolExecutor$ScheduledFutureTask.run(ScheduledThreadPoolExecutor.java:304) ~[?:?]
	at java.base/java.util.concurrent.ThreadPoolExecutor.runWorker(ThreadPoolExecutor.java:1144) ~[?:?]
	at java.base/java.util.concurrent.ThreadPoolExecutor$Worker.run(ThreadPoolExecutor.java:642) ~[?:?]
	at java.base/java.lang.Thread.run(Thread.java:1583) ~[?:?]
Caused by: javax.net.ssl.SSLHandshakeException: (certificate_unknown) PKIX path building failed: sun.security.provider.certpath.SunCertPathBuilderException: unable to find valid certification path to requested target
	at java.base/sun.security.ssl.Alert.createSSLException(Alert.java:130) ~[?:?]
	at java.base/sun.security.ssl.TransportContext.fatal(TransportContext.java:383) ~[?:?]
	at java.base/sun.security.ssl.TransportContext.fatal(TransportContext.java:326) ~[?:?]
	at java.base/sun.security.ssl.TransportContext.fatal(TransportContext.java:321) ~[?:?]
	at java.base/sun.security.ssl.CertificateMessage$T13CertificateConsumer.checkServerCerts(CertificateMessage.java:1287) ~[?:?]
	at java.base/sun.security.ssl.CertificateMessage$T13CertificateConsumer.onConsumeCertificate(CertificateMessage.java:1164) ~[?:?]
	at java.base/sun.security.ssl.CertificateMessage$T13CertificateConsumer.consume(CertificateMessage.java:1107) ~[?:?]
	at java.base/sun.security.ssl.SSLHandshake.consume(SSLHandshake.java:393) ~[?:?]
	at java.base/sun.security.ssl.HandshakeContext.dispatch(HandshakeContext.java:477) ~[?:?]
	at java.base/sun.security.ssl.HandshakeContext.dispatch(HandshakeContext.java:448) ~[?:?]
	at java.base/sun.security.ssl.TransportContext.dispatch(TransportContext.java:206) ~[?:?]
	at java.base/sun.security.ssl.SSLTransport.decode(SSLTransport.java:172) ~[?:?]
	at java.base/sun.security.ssl.SSLSocketImpl.decode(SSLSocketImpl.java:1506) ~[?:?]
	at java.base/sun.security.ssl.SSLSocketImpl.readHandshakeRecord(SSLSocketImpl.java:1421) ~[?:?]
	at java.base/sun.security.ssl.SSLSocketImpl.startHandshake(SSLSocketImpl.java:455) ~[?:?]
	at java.base/sun.security.ssl.SSLSocketImpl.startHandshake(SSLSocketImpl.java:426) ~[?:?]
	at java.base/sun.net.www.protocol.https.HttpsClient.afterConnect(HttpsClient.java:586) ~[?:?]
	at java.base/sun.net.www.protocol.https.AbstractDelegateHttpsURLConnection.connect(AbstractDelegateHttpsURLConnection.java:187) ~[?:?]
	at java.base/sun.net.www.protocol.http.HttpURLConnection.getInputStream0(HttpURLConnection.java:1705) ~[?:?]
	at java.base/sun.net.www.protocol.http.HttpURLConnection.getInputStream(HttpURLConnection.java:1629) ~[?:?]
	at java.base/java.net.HttpURLConnection.getResponseCode(HttpURLConnection.java:531) ~[?:?]
	at java.base/sun.net.www.protocol.https.HttpsURLConnectionImpl.getResponseCode(HttpsURLConnectionImpl.java:307) ~[?:?]
	at com.mojang.authlib.minecraft.client.MinecraftClient.readInputStream(MinecraftClient.java:82) ~[authlib-7.0.61.jar:?]
	... 9 more
Caused by: sun.security.validator.ValidatorException: PKIX path building failed: sun.security.provider.certpath.SunCertPathBuilderException: unable to find valid certification path to requested target
	at java.base/sun.security.validator.PKIXValidator.doBuild(PKIXValidator.java:388) ~[?:?]
	at java.base/sun.security.validator.PKIXValidator.engineValidate(PKIXValidator.java:271) ~[?:?]
	at java.base/sun.security.validator.Validator.validate(Validator.java:256) ~[?:?]
	at java.base/sun.security.ssl.X509TrustManagerImpl.checkTrusted(X509TrustManagerImpl.java:230) ~[?:?]
	at java.base/sun.security.ssl.X509TrustManagerImpl.checkServerTrusted(X509TrustManagerImpl.java:132) ~[?:?]
	at java.base/sun.security.ssl.CertificateMessage$T13CertificateConsumer.checkServerCerts(CertificateMessage.java:1271) ~[?:?]
	... 27 more
Caused by: sun.security.provider.certpath.SunCertPathBuilderException: unable to find valid certification path to requested target
	at java.base/sun.security.provider.certpath.SunCertPathBuilder.build(SunCertPathBuilder.java:148) ~[?:?]
	at java.base/sun.security.provider.certpath.SunCertPathBuilder.engineBuild(SunCertPathBuilder.java:129) ~[?:?]
	at java.base/java.security.cert.CertPathBuilder.build(CertPathBuilder.java:297) ~[?:?]
	at java.base/sun.security.validator.PKIXValidator.doBuild(PKIXValidator.java:383) ~[?:?]
	... 32 more
[m[22:41:02 INFO]: No existing world data, creating new world
[31;1m[22:41:02 ERROR]: No key layers in MapLike[{}]
[m[22:41:03 INFO]: Loaded 1470 recipes
[22:41:03 INFO]: Loaded 1584 advancements
[22:41:03 INFO]: [ca.spottedleaf.dataconverter.minecraft.datatypes.MCTypeRegistry] Initialising converters for DataConverter...
[22:41:03 INFO]: [ca.spottedleaf.dataconverter.minecraft.datatypes.MCTypeRegistry] Finished initialising converters for DataConverter in 273.8ms
[22:41:03 INFO]: Starting minecraft server version 1.21.11
[22:41:03 INFO]: Loading properties
[22:41:03 INFO]: This server is running Paper version 1.21.11-132-ver/1.21.11@c5eb079 (2026-05-11T11:43:09Z) (Implementing API version 1.21.11-R0.1-SNAPSHOT)
[22:41:04 INFO]: [spark] This server bundles the spark profiler. For more information please visit https://docs.papermc.io/paper/profiling
[22:41:04 INFO]: Server Ping Player Sample Count: 12
[22:41:04 INFO]: Using 4 threads for Netty based IO
[22:41:04 INFO]: [MoonriseCommon] Paper is using 4 worker threads, 1 I/O threads
[22:41:04 INFO]: Default game type: ADVENTURE
[22:41:04 INFO]: Generating keypair
> 
  
[22:41:04 INFO]: Starting Minecraft server on 127.0.0.1:25589
> 
  
[22:41:04 INFO]: Paper: Using Java compression from Velocity.
> 
  
[22:41:04 INFO]: Paper: Using Java cipher from Velocity.
> 
  
[22:41:04 INFO]: [Observance] Loading server plugin Observance v0.5.0
> 
  
[33;1m[22:41:04 WARN]: **** SERVER IS RUNNING IN OFFLINE/INSECURE MODE!
[m> 
  
[33;1m[22:41:04 WARN]: The server will make no attempt to authenticate usernames. Beware.
[m> 
  
[33;1m[22:41:04 WARN]: While this makes the game possible to play without internet access, it also opens up the ability for hackers to connect with any username they choose.
[m> 
  
[33;1m[22:41:04 WARN]: To change this, set "online-mode" to "true" in the server.properties file.
[m> 
  
[22:41:04 INFO]: Preparing level "morrow_rehearsal"
> 
  
[31;1m[22:41:04 ERROR]: No key layers in MapLike[{}]
[m> 
  
[22:41:05 INFO]: Selecting spawn point for world 'minecraft:overworld'...
> 
  
[31;1m[22:41:05 ERROR]: No key layers in MapLike[{}]
[m> 
  
[22:41:05 INFO]: Selecting spawn point for world 'minecraft:the_nether'...
> 
  
[31;1m[22:41:05 ERROR]: No key layers in MapLike[{}]
[m> 
  
[22:41:05 INFO]: Selecting spawn point for world 'minecraft:the_end'...
> 
  
[22:41:06 INFO]: Loading 0 persistent chunks for world 'minecraft:overworld'...
> 
  
[22:41:06 INFO]: Preparing spawn area: 100%
> 
  
[22:41:06 INFO]: Prepared spawn area in 997 ms
> 
  
[22:41:06 INFO]: Loading 0 persistent chunks for world 'minecraft:the_nether'...
> 
  
[22:41:06 INFO]: Preparing spawn area: 100%
> 
  
[22:41:06 INFO]: Prepared spawn area in 670 ms
> 
  
[22:41:06 INFO]: Loading 0 persistent chunks for world 'minecraft:the_end'...
> 
  
[22:41:06 INFO]: Preparing spawn area: 100%
> 
  
[22:41:06 INFO]: Prepared spawn area in 172 ms
> 
  
[22:41:06 INFO]: Done preparing level "morrow_rehearsal" (1.275s)
> 
  
[22:41:06 INFO]: [Observance] Enabling Observance v0.5.0
> 
  
[22:41:06 INFO]: [Observance] MORROW_PLAYER_SAFE_ENTRY_READY world=morrow_rehearsal spawn=0,80,-2
> 
  
[22:41:07 INFO]: [Observance] MORROW_ROOM04_READY status=BUILT manifest=9831893bf03387b6c59b3835b648f056aafd67e6e194f3ade0282a7192fff41a snapshot=1225678f68a4df1d8d6c808d11b206eb1e7ad1e94ee96f510b8d78681ec90d72 blocks=1144
> 
  
[22:41:07 INFO]: [Observance] MORROW_M05_READY manifest=9489b8b719a93c5b00647d7559ce7a65025239dc613c10c175cee313340a91e4 route=empty labels=3
> 
  
[22:41:07 INFO]: [Observance] MORROW_VERSION_ROOMS_READY status=BUILT manifest=9489b8b719a93c5b00647d7559ce7a65025239dc613c10c175cee313340a91e4 blocks=1617
> 
  
[22:41:07 INFO]: [Observance] MORROW_M06_READY manifest=62b4d51cf61067a3b8b7ce946d4bccaecb8967e5fb3643114f2f7f6c60ba81cd receipts=0 marked=0 displays=8
> 
  
[22:41:07 INFO]: [Observance] MORROW_CONSENSUS_AUDIT_READY status=BUILT manifest=62b4d51cf61067a3b8b7ce946d4bccaecb8967e5fb3643114f2f7f6c60ba81cd blocks=1309
> 
  
[22:41:07 INFO]: [Observance] MORROW_M07_READY manifest=c306c4387a165630109207799e007d8efd7450f51a88689239f48ada9cbd71d8 anchor=draft identified=false displays=9
> 
  
[22:41:07 INFO]: [Observance] MORROW_WITNESS_ANCHOR_READY status=BUILT manifest=c306c4387a165630109207799e007d8efd7450f51a88689239f48ada9cbd71d8 blocks=1547
> 
  
[22:41:07 INFO]: [Observance] MORROW_M08_READY manifest=e32d2cecc25ca8bb4f41edf2a9a48aa99ec0f3a4b7c5cf25d87dbf5ed89e7365 observed=0 chronology=0 proven=false displays=8
> 
  
[22:41:07 INFO]: [Observance] MORROW_ALMOST_HOME_READY status=BUILT manifest=e32d2cecc25ca8bb4f41edf2a9a48aa99ec0f3a4b7c5cf25d87dbf5ed89e7365 blocks=5225
> 
  
[22:41:07 INFO]: [Observance] MORROW_M09_READY manifest=b79a1e2566a7d6744713b08592719290619d31e85ad87a75b65e7244f6e50ce7 revision=0 state=SAFE LOBBY // INACTIVE entities=10
> 
  
[22:41:07 INFO]: [Observance] MORROW_ACCOUNT_CONTINUITY_READY status=BUILT manifest=b79a1e2566a7d6744713b08592719290619d31e85ad87a75b65e7244f6e50ce7 blocks=2520
> 
  
[22:41:07 INFO]: [Observance] MORROW_M10_READY manifest=fe54d288044a7f329553228b96cd067ebbfc8c8ab4b87594fffe4acdb0500261 revision=0 phase=INERT SHARED LOBBY entities=18
> 
  
[22:41:07 INFO]: [Observance] MORROW_MAINTENANCE_WINDOW_READY status=BUILT manifest=fe54d288044a7f329553228b96cd067ebbfc8c8ab4b87594fffe4acdb0500261 blocks=5301
> 
  
[22:41:07 INFO]: [Observance] MORROW_M11_READY manifest=88433e644ebafc5785c53c44764e177cef75e86c30e6c61f7e43ca2272bae5a4 revision=0 phase=CHAIN_0_OF_5 entities=11
> 
  
[22:41:07 INFO]: [Observance] MORROW_COLD_STORAGE_READY status=BUILT manifest=88433e644ebafc5785c53c44764e177cef75e86c30e6c61f7e43ca2272bae5a4 blocks=6417
> 
  
[22:41:07 INFO]: [Observance] MORROW_M12_READY manifest=3e69673804f6f7604c2d88c8eb54bf7f941c0f3082971db2203d08933d307310 revision=0 phase=INERT entities=18
> 
  
[22:41:07 INFO]: [Observance] MORROW_BRANCH_GOVERNANCE_READY status=BUILT manifest=3e69673804f6f7604c2d88c8eb54bf7f941c0f3082971db2203d08933d307310 blocks=8325
> 
  
[22:41:07 INFO]: [Observance] MORROW_RUNTIME_READY release=morrow.rehearsal.c40f916.paper.v1 journal_events=3 projector_state=IDLE resource_pack=disabled body_entities=2 static_entities=26 replay_entities=6 version_entities=3 consensus_entities=8 witness_entities=9 almost_entities=8 continuity_entities=10 maintenance_entities=18 cold_storage_entities=11 branch_governance_entities=18
> 
  
[22:41:07 INFO]: [Observance] Morrow reboot runtime enabled for release morrow.rehearsal.c40f916.paper.v1; unrelated campaign runtimes remain disabled.
> 
  
[22:41:07 INFO]: [spark] Starting background profiler...
> 
  
[22:41:07 INFO]: [spark] The async-profiler engine is not supported for your os/arch (windows10/amd64), so the built-in Java engine will be used instead.
> 
  
[22:41:07 INFO]: Running delayed init tasks
> 
  
[22:41:07 INFO]: Done (15.608s)! For help, type "help"
> 
  
[22:41:07 INFO]: *************************************************************************************
> 
  
[22:41:07 INFO]: This is the first time you're starting this server.
> 
  
[22:41:07 INFO]: It's recommended you read our 'Getting Started' documentation for guidance.
> 
  
[22:41:07 INFO]: View this and more helpful information here: https://docs.papermc.io/paper/next-steps
> 
  
[22:41:07 INFO]: *************************************************************************************
> > 
  
[31;1m[22:41:07 ERROR]: [PaperVersionFetcher] Error while parsing version list
java.net.ConnectException: Connection refused: getsockopt
	at java.base/sun.nio.ch.Net.pollConnect(Native Method) ~[?:?]
	at java.base/sun.nio.ch.Net.pollConnectNow(Net.java:694) ~[?:?]
	at java.base/sun.nio.ch.NioSocketImpl.timedFinishConnect(NioSocketImpl.java:542) ~[?:?]
	at java.base/sun.nio.ch.NioSocketImpl.connect(NioSocketImpl.java:592) ~[?:?]
	at java.base/java.net.Socket.connect(Socket.java:751) ~[?:?]
	at java.base/sun.net.NetworkClient.doConnect(NetworkClient.java:178) ~[?:?]
	at java.base/sun.net.www.http.HttpClient.openServer(HttpClient.java:531) ~[?:?]
	at java.base/sun.net.www.http.HttpClient$1.run(HttpClient.java:590) ~[?:?]
	at java.base/sun.net.www.http.HttpClient$1.run(HttpClient.java:588) ~[?:?]
	at java.base/java.security.AccessController.doPrivileged(AccessController.java:571) ~[?:?]
	at java.base/sun.net.www.http.HttpClient.privilegedOpenServer(HttpClient.java:587) ~[?:?]
	at java.base/sun.net.www.http.HttpClient.openServer(HttpClient.java:631) ~[?:?]
	at java.base/sun.net.www.protocol.https.HttpsClient.<init>(HttpsClient.java:264) ~[?:?]
	at java.base/sun.net.www.protocol.https.HttpsClient.New(HttpsClient.java:377) ~[?:?]
	at java.base/sun.net.www.protocol.https.AbstractDelegateHttpsURLConnection.getNewHttpClient(AbstractDelegateHttpsURLConnection.java:202) ~[?:?]
	at java.base/sun.net.www.protocol.http.HttpURLConnection.plainConnect0(HttpURLConnection.java:1278) ~[?:?]
	at java.base/sun.net.www.protocol.http.HttpURLConnection.plainConnect(HttpURLConnection.java:1143) ~[?:?]
	at java.base/sun.net.www.protocol.https.AbstractDelegateHttpsURLConnection.connect(AbstractDelegateHttpsURLConnection.java:179) ~[?:?]
	at java.base/sun.net.www.protocol.http.HttpURLConnection.getInputStream0(HttpURLConnection.java:1705) ~[?:?]
	at java.base/sun.net.www.protocol.http.HttpURLConnection.getInputStream(HttpURLConnection.java:1629) ~[?:?]
	at java.base/sun.net.www.protocol.https.HttpsURLConnectionImpl.getInputStream(HttpsURLConnectionImpl.java:223) ~[?:?]
	at com.destroystokyo.paper.PaperVersionFetcher.fetchMinecraftVersionList(PaperVersionFetcher.java:149) ~[paper-1.21.11.jar:?]
	at com.destroystokyo.paper.PaperVersionFetcher.getUpdateStatusStartupMessage(PaperVersionFetcher.java:74) ~[paper-1.21.11.jar:?]
	at java.base/java.util.concurrent.CompletableFuture$AsyncRun.run(CompletableFuture.java:1804) ~[?:?]
	at java.base/java.util.concurrent.ThreadPoolExecutor.runWorker(ThreadPoolExecutor.java:1144) ~[?:?]
	at java.base/java.util.concurrent.ThreadPoolExecutor$Worker.run(ThreadPoolExecutor.java:642) ~[?:?]
	at java.base/java.lang.Thread.run(Thread.java:1583) ~[?:?]
[m> 
  
[31;1m[22:41:07 ERROR]: [PaperVersionFetcher] Error while parsing version
java.net.ConnectException: Connection refused: getsockopt
	at java.base/sun.nio.ch.Net.pollConnect(Native Method) ~[?:?]
	at java.base/sun.nio.ch.Net.pollConnectNow(Net.java:694) ~[?:?]
	at java.base/sun.nio.ch.NioSocketImpl.timedFinishConnect(NioSocketImpl.java:542) ~[?:?]
	at java.base/sun.nio.ch.NioSocketImpl.connect(NioSocketImpl.java:592) ~[?:?]
	at java.base/java.net.Socket.connect(Socket.java:751) ~[?:?]
	at java.base/sun.net.NetworkClient.doConnect(NetworkClient.java:178) ~[?:?]
	at java.base/sun.net.www.http.HttpClient.openServer(HttpClient.java:531) ~[?:?]
	at java.base/sun.net.www.http.HttpClient$1.run(HttpClient.java:590) ~[?:?]
	at java.base/sun.net.www.http.HttpClient$1.run(HttpClient.java:588) ~[?:?]
	at java.base/java.security.AccessController.doPrivileged(AccessController.java:571) ~[?:?]
	at java.base/sun.net.www.http.HttpClient.privilegedOpenServer(HttpClient.java:587) ~[?:?]
	at java.base/sun.net.www.http.HttpClient.openServer(HttpClient.java:631) ~[?:?]
	at java.base/sun.net.www.protocol.https.HttpsClient.<init>(HttpsClient.java:264) ~[?:?]
	at java.base/sun.net.www.protocol.https.HttpsClient.New(HttpsClient.java:377) ~[?:?]
	at java.base/sun.net.www.protocol.https.AbstractDelegateHttpsURLConnection.getNewHttpClient(AbstractDelegateHttpsURLConnection.java:202) ~[?:?]
	at java.base/sun.net.www.protocol.http.HttpURLConnection.plainConnect0(HttpURLConnection.java:1278) ~[?:?]
	at java.base/sun.net.www.protocol.http.HttpURLConnection.plainConnect(HttpURLConnection.java:1143) ~[?:?]
	at java.base/sun.net.www.protocol.https.AbstractDelegateHttpsURLConnection.connect(AbstractDelegateHttpsURLConnection.java:179) ~[?:?]
	at java.base/sun.net.www.protocol.http.HttpURLConnection.getInputStream0(HttpURLConnection.java:1705) ~[?:?]
	at java.base/sun.net.www.protocol.http.HttpURLConnection.getInputStream(HttpURLConnection.java:1629) ~[?:?]
	at java.base/sun.net.www.protocol.https.HttpsURLConnectionImpl.getInputStream(HttpsURLConnectionImpl.java:223) ~[?:?]
	at com.destroystokyo.paper.PaperVersionFetcher.fetchDistanceFromSiteApi(PaperVersionFetcher.java:203) ~[paper-1.21.11.jar:?]
	at com.destroystokyo.paper.PaperVersionFetcher.getUpdateStatusStartupMessage(PaperVersionFetcher.java:76) ~[paper-1.21.11.jar:?]
	at java.base/java.util.concurrent.CompletableFuture$AsyncRun.run(CompletableFuture.java:1804) ~[?:?]
	at java.base/java.util.concurrent.ThreadPoolExecutor.runWorker(ThreadPoolExecutor.java:1144) ~[?:?]
	at java.base/java.util.concurrent.ThreadPoolExecutor$Worker.run(ThreadPoolExecutor.java:642) ~[?:?]
	at java.base/java.lang.Thread.run(Thread.java:1583) ~[?:?]
[m> 
  
[31;1m[22:41:07 ERROR]: *** Error obtaining version information! Cannot fetch version info ***
[m> 
  
[22:41:07 INFO]: Saving the game (this may take a moment!)
> 
  
[22:41:08 INFO]: ThreadedAnvilChunkStorage (morrow_rehearsal): All chunks are saved
> 
  
[22:41:08 INFO]: ThreadedAnvilChunkStorage (DIM-1): All chunks are saved
> 
  
[22:41:08 INFO]: ThreadedAnvilChunkStorage (DIM1): All chunks are saved
> 
  
[22:41:08 INFO]: ThreadedAnvilChunkStorage: All dimensions are saved
> 
  
[22:41:08 INFO]: Saved the game
> > 
  
[22:41:08 INFO]: Stopping the server
> 
  
[22:41:08 INFO]: Stopping server
> 
  
[22:41:08 INFO]: [Observance] Disabling Observance v0.5.0
> 
  
[22:41:08 INFO]: [Observance] MORROW_RUNTIME_CLOSED entities_and_tasks=cleaned
> 
  
[22:41:08 INFO]: [Observance] The Observance sleeps.
> 
  
[22:41:08 INFO]: Saving players
> 
  
[22:41:08 INFO]: Saving worlds
> 
  
[22:41:08 INFO]: Saving chunks for level 'ServerLevel[morrow_rehearsal]'/minecraft:overworld
> 
  
[22:41:08 INFO]: [ChunkHolderManager] Waiting 60s for chunk system to halt for world 'morrow_rehearsal'
> 
  
[22:41:08 INFO]: [ChunkHolderManager] Halted chunk system for world 'morrow_rehearsal'
> 
  
[22:41:08 INFO]: [ChunkHolderManager] Saving all chunkholders for world 'morrow_rehearsal'
> 
  
[22:41:08 INFO]: [ChunkHolderManager] Saved 846 block chunks, 33 entity chunks, 0 poi chunks in world 'morrow_rehearsal' in 0.13s
> 
  
[22:41:08 INFO]: [ChunkHolderManager] Waiting 60s for chunk I/O to halt for world 'morrow_rehearsal'
> 
  
[22:41:08 INFO]: [ChunkHolderManager] Halted I/O scheduler for world 'morrow_rehearsal'
> 
  
[22:41:08 INFO]: Saving chunks for level 'ServerLevel[morrow_rehearsal_nether]'/minecraft:the_nether
> 
  
[22:41:08 INFO]: [ChunkHolderManager] Waiting 60s for chunk system to halt for world 'morrow_rehearsal_nether'
> 
  
[22:41:08 INFO]: [ChunkHolderManager] Halted chunk system for world 'morrow_rehearsal_nether'
> 
  
[22:41:08 INFO]: [ChunkHolderManager] Saving all chunkholders for world 'morrow_rehearsal_nether'
> 
  
[22:41:08 INFO]: [ChunkHolderManager] Saved 428 block chunks, 0 entity chunks, 0 poi chunks in world 'morrow_rehearsal_nether' in 0.05s
> 
  
[22:41:08 INFO]: [ChunkHolderManager] Waiting 60s for chunk I/O to halt for world 'morrow_rehearsal_nether'
> 
  
[22:41:08 INFO]: [ChunkHolderManager] Halted I/O scheduler for world 'morrow_rehearsal_nether'
> 
  
[22:41:08 INFO]: Saving chunks for level 'ServerLevel[morrow_rehearsal_the_end]'/minecraft:the_end
> 
  
[22:41:08 INFO]: [ChunkHolderManager] Waiting 60s for chunk system to halt for world 'morrow_rehearsal_the_end'
> 
  
[22:41:08 INFO]: [ChunkHolderManager] Halted chunk system for world 'morrow_rehearsal_the_end'
> 
  
[22:41:08 INFO]: [ChunkHolderManager] Saving all chunkholders for world 'morrow_rehearsal_the_end'
> 
  
[22:41:08 INFO]: [ChunkHolderManager] Saved 428 block chunks, 0 entity chunks, 0 poi chunks in world 'morrow_rehearsal_the_end' in 0.04s
> 
  
[22:41:08 INFO]: [ChunkHolderManager] Waiting 60s for chunk I/O to halt for world 'morrow_rehearsal_the_end'
> 
  
[22:41:08 INFO]: [ChunkHolderManager] Halted I/O scheduler for world 'morrow_rehearsal_the_end'
> 
  
[22:41:08 INFO]: ThreadedAnvilChunkStorage (morrow_rehearsal): All chunks are saved
> 
  
[22:41:08 INFO]: ThreadedAnvilChunkStorage (DIM-1): All chunks are saved
> 
  
[22:41:08 INFO]: ThreadedAnvilChunkStorage (DIM1): All chunks are saved
> 
  
[22:41:08 INFO]: ThreadedAnvilChunkStorage: All dimensions are saved
> 
  
[22:41:08 INFO]: Waiting for all RegionFile I/O tasks to complete...
> 
  
[22:41:08 INFO]: All RegionFile I/O tasks to complete
> 
  
[22:41:08 INFO]: [MoonriseCommon] Awaiting termination of worker pool for up to 60s...
> 
  
[22:41:08 INFO]: [MoonriseCommon] Awaiting termination of I/O pool for up to 60s...
> 
