[00:31:33] [ServerMain/INFO]: [bootstrap] Running Java 21 (OpenJDK 64-Bit Server VM 21.0.10+7-LTS; Eclipse Adoptium Temurin-21.0.10+7) on Windows 10 10.0 (amd64)
[00:31:33] [ServerMain/INFO]: [bootstrap] Loading Paper 1.21.11-132-ver/1.21.11@c5eb079 (2026-05-11T11:43:09Z) for Minecraft 1.21.11
[00:31:33] [ServerMain/INFO]: [PluginInitializerManager] Initializing plugins...
[00:31:33] [ServerMain/INFO]: [PluginInitializerManager] Initialized 1 plugin
[00:31:33] [ServerMain/INFO]: [PluginInitializerManager] Bukkit plugins (1):
 - Observance (0.5.0)
[00:31:37] [ServerMain/INFO]: Environment: Environment[sessionHost=https://sessionserver.mojang.com, servicesHost=https://api.minecraftservices.com, profilesHost=https://api.mojang.com, name=PROD]
[00:31:39] [ServerMain/INFO]: Loaded 1470 recipes
[00:31:39] [ServerMain/INFO]: Loaded 1584 advancements
[00:31:39] [ServerMain/INFO]: [ca.spottedleaf.dataconverter.minecraft.datatypes.MCTypeRegistry] Initialising converters for DataConverter...
[00:31:39] [ServerMain/INFO]: [ca.spottedleaf.dataconverter.minecraft.datatypes.MCTypeRegistry] Finished initialising converters for DataConverter in 264.9ms
[00:31:39] [Server thread/INFO]: Starting minecraft server version 1.21.11
[00:31:39] [Server thread/INFO]: Loading properties
[00:31:39] [Server thread/INFO]: This server is running Paper version 1.21.11-132-ver/1.21.11@c5eb079 (2026-05-11T11:43:09Z) (Implementing API version 1.21.11-R0.1-SNAPSHOT)
[00:31:39] [Server thread/INFO]: [spark] This server bundles the spark profiler. For more information please visit https://docs.papermc.io/paper/profiling
[00:31:39] [Server thread/INFO]: Server Ping Player Sample Count: 12
[00:31:39] [Server thread/INFO]: Using 4 threads for Netty based IO
[00:31:40] [Server thread/INFO]: [MoonriseCommon] Paper is using 4 worker threads, 1 I/O threads
[00:31:40] [Server thread/INFO]: Default game type: ADVENTURE
[00:31:40] [Server thread/INFO]: Generating keypair
[00:31:40] [Server thread/INFO]: Starting Minecraft server on 127.0.0.1:25594
[00:31:40] [Server thread/INFO]: Paper: Using Java compression from Velocity.
[00:31:40] [Server thread/INFO]: Paper: Using Java cipher from Velocity.
[00:31:40] [Server thread/INFO]: [Observance] Loading server plugin Observance v0.5.0
[00:31:40] [Server thread/INFO]: Server permissions file permissions.yml is empty, ignoring it
[00:31:40] [Server thread/WARN]: **** SERVER IS RUNNING IN OFFLINE/INSECURE MODE!
[00:31:40] [Server thread/WARN]: The server will make no attempt to authenticate usernames. Beware.
[00:31:40] [Server thread/WARN]: While this makes the game possible to play without internet access, it also opens up the ability for hackers to connect with any username they choose.
[00:31:40] [Server thread/WARN]: To change this, set "online-mode" to "true" in the server.properties file.
[00:31:40] [Server thread/INFO]: Preparing level "morrow_rehearsal"
[00:31:40] [Server thread/INFO]: Loading 0 persistent chunks for world 'minecraft:overworld'...
[00:31:40] [Server thread/INFO]: Preparing spawn area: 100%
[00:31:40] [Server thread/INFO]: Prepared spawn area in 1 ms
[00:31:40] [Server thread/INFO]: Loading 0 persistent chunks for world 'minecraft:the_nether'...
[00:31:40] [Server thread/INFO]: Prepared spawn area in 1 ms
[00:31:40] [Server thread/INFO]: Loading 0 persistent chunks for world 'minecraft:the_end'...
[00:31:40] [Server thread/INFO]: Prepared spawn area in 0 ms
[00:31:40] [Server thread/INFO]: Done preparing level "morrow_rehearsal" (0.293s)
[00:31:40] [Server thread/INFO]: [Observance] Enabling Observance v0.5.0
[00:31:41] [Server thread/INFO]: [Observance] MORROW_PLAYER_SAFE_ENTRY_READY world=morrow_rehearsal spawn=0,80,-2
[00:31:41] [Server thread/INFO]: [Observance] MORROW_ROOM04_READY status=ALREADY_PRESENT manifest=9831893bf03387b6c59b3835b648f056aafd67e6e194f3ade0282a7192fff41a snapshot=92e61a4771f12afcc35af533cb3a060c7bc598ce5ca6a117980dd1b4a89aee9f blocks=1144 copper_aging_repairs=0
[00:31:41] [Server thread/INFO]: [Observance] MORROW_M05_READY manifest=9489b8b719a93c5b00647d7559ce7a65025239dc613c10c175cee313340a91e4 route=empty labels=3
[00:31:41] [Server thread/INFO]: [Observance] MORROW_VERSION_ROOMS_READY status=ALREADY_PRESENT manifest=9489b8b719a93c5b00647d7559ce7a65025239dc613c10c175cee313340a91e4 blocks=1617
[00:31:41] [Server thread/INFO]: [Observance] MORROW_M06_READY manifest=62b4d51cf61067a3b8b7ce946d4bccaecb8967e5fb3643114f2f7f6c60ba81cd receipts=0 marked=0 displays=8
[00:31:41] [Server thread/INFO]: [Observance] MORROW_CONSENSUS_AUDIT_READY status=ALREADY_PRESENT manifest=62b4d51cf61067a3b8b7ce946d4bccaecb8967e5fb3643114f2f7f6c60ba81cd blocks=1309
[00:31:41] [Server thread/INFO]: [Observance] MORROW_M07_READY manifest=c306c4387a165630109207799e007d8efd7450f51a88689239f48ada9cbd71d8 anchor=draft identified=false displays=9
[00:31:41] [Server thread/INFO]: [Observance] MORROW_WITNESS_ANCHOR_READY status=ALREADY_PRESENT manifest=c306c4387a165630109207799e007d8efd7450f51a88689239f48ada9cbd71d8 blocks=1547
[00:31:41] [Server thread/INFO]: [Observance] MORROW_M08_READY manifest=e32d2cecc25ca8bb4f41edf2a9a48aa99ec0f3a4b7c5cf25d87dbf5ed89e7365 observed=0 chronology=0 proven=false displays=8
[00:31:41] [Server thread/INFO]: [Observance] MORROW_ALMOST_HOME_READY status=ALREADY_PRESENT manifest=e32d2cecc25ca8bb4f41edf2a9a48aa99ec0f3a4b7c5cf25d87dbf5ed89e7365 blocks=5225
[00:31:41] [Server thread/INFO]: [Observance] MORROW_M09_READY manifest=b79a1e2566a7d6744713b08592719290619d31e85ad87a75b65e7244f6e50ce7 revision=0 state=SAFE LOBBY // INACTIVE entities=10
[00:31:41] [Server thread/INFO]: [Observance] MORROW_ACCOUNT_CONTINUITY_READY status=ALREADY_PRESENT manifest=b79a1e2566a7d6744713b08592719290619d31e85ad87a75b65e7244f6e50ce7 blocks=2520
[00:31:42] [Server thread/INFO]: [Observance] MORROW_M10_READY manifest=fe54d288044a7f329553228b96cd067ebbfc8c8ab4b87594fffe4acdb0500261 revision=0 phase=INERT SHARED LOBBY entities=18
[00:31:42] [Server thread/INFO]: [Observance] MORROW_MAINTENANCE_WINDOW_READY status=ALREADY_PRESENT manifest=fe54d288044a7f329553228b96cd067ebbfc8c8ab4b87594fffe4acdb0500261 blocks=5301
[00:31:42] [Server thread/INFO]: [Observance] MORROW_M11_READY manifest=88433e644ebafc5785c53c44764e177cef75e86c30e6c61f7e43ca2272bae5a4 revision=0 phase=CHAIN_0_OF_5 entities=11
[00:31:42] [Server thread/INFO]: [Observance] MORROW_COLD_STORAGE_READY status=ALREADY_PRESENT manifest=88433e644ebafc5785c53c44764e177cef75e86c30e6c61f7e43ca2272bae5a4 blocks=6417
[00:31:42] [Server thread/INFO]: [Observance] MORROW_M12_READY manifest=3e69673804f6f7604c2d88c8eb54bf7f941c0f3082971db2203d08933d307310 revision=0 phase=INERT entities=18
[00:31:42] [Server thread/INFO]: [Observance] MORROW_BRANCH_GOVERNANCE_READY status=ALREADY_PRESENT manifest=3e69673804f6f7604c2d88c8eb54bf7f941c0f3082971db2203d08933d307310 blocks=8325
[00:31:42] [Server thread/INFO]: [Observance] MORROW_RUNTIME_READY release=morrow.rehearsal.c40f916.paper.v1 journal_events=3 projector_state=IDLE resource_pack=disabled body_entities=2 static_entities=26 replay_entities=6 version_entities=3 consensus_entities=8 witness_entities=9 almost_entities=8 continuity_entities=10 maintenance_entities=18 cold_storage_entities=11 branch_governance_entities=18
[00:31:42] [Server thread/INFO]: [Observance] Morrow reboot runtime enabled for release morrow.rehearsal.c40f916.paper.v1; unrelated campaign runtimes remain disabled.
[00:31:42] [Server thread/INFO]: [spark] Starting background profiler...
[00:31:42] [Server thread/INFO]: [spark] The async-profiler engine is not supported for your os/arch (windows10/amd64), so the built-in Java engine will be used instead.
[00:31:42] [Server thread/INFO]: Running delayed init tasks
[00:31:42] [Server thread/INFO]: Done (9.646s)! For help, type "help"
[00:31:42] [Paper Async Task Handler Thread - 1/WARN]: *************************************************************************************
[00:31:42] [Paper Async Task Handler Thread - 1/WARN]: You are running the latest build for your Minecraft version (1.21.11)
[00:31:42] [Paper Async Task Handler Thread - 1/WARN]: However, you are 4 release(s) behind the latest stable release (26.2)!
[00:31:42] [Paper Async Task Handler Thread - 1/WARN]: It is recommended that you update as soon as possible
[00:31:42] [Paper Async Task Handler Thread - 1/WARN]: https://papermc.io/downloads/paper
[00:31:42] [Paper Async Task Handler Thread - 1/WARN]: *************************************************************************************
[00:31:54] [Server thread/INFO]: Stopping the server
[00:31:54] [Server thread/INFO]: Stopping server
[00:31:54] [Server thread/INFO]: [Observance] Disabling Observance v0.5.0
[00:31:54] [Server thread/INFO]: [Observance] MORROW_RUNTIME_CLOSED entities_and_tasks=cleaned
[00:31:54] [Server thread/INFO]: [Observance] The Observance sleeps.
[00:31:54] [Server thread/INFO]: Saving players
[00:31:54] [Server thread/INFO]: Saving worlds
[00:31:54] [Server thread/INFO]: Saving chunks for level 'ServerLevel[morrow_rehearsal]'/minecraft:overworld
[00:31:54] [Server thread/INFO]: [ChunkHolderManager] Waiting 60s for chunk system to halt for world 'morrow_rehearsal'
[00:31:54] [Server thread/INFO]: [ChunkHolderManager] Halted chunk system for world 'morrow_rehearsal'
[00:31:54] [Server thread/INFO]: [ChunkHolderManager] Saving all chunkholders for world 'morrow_rehearsal'
[00:31:54] [Server thread/INFO]: [ChunkHolderManager] Saved 0 block chunks, 0 entity chunks, 0 poi chunks in world 'morrow_rehearsal' in 0.11s
[00:31:54] [Server thread/INFO]: [ChunkHolderManager] Waiting 60s for chunk I/O to halt for world 'morrow_rehearsal'
[00:31:54] [Server thread/INFO]: [ChunkHolderManager] Halted I/O scheduler for world 'morrow_rehearsal'
[00:31:54] [Server thread/INFO]: Saving chunks for level 'ServerLevel[morrow_rehearsal_nether]'/minecraft:the_nether
[00:31:54] [Server thread/INFO]: [ChunkHolderManager] Waiting 60s for chunk system to halt for world 'morrow_rehearsal_nether'
[00:31:54] [Server thread/INFO]: [ChunkHolderManager] Halted chunk system for world 'morrow_rehearsal_nether'
[00:31:54] [Server thread/INFO]: [ChunkHolderManager] Saving all chunkholders for world 'morrow_rehearsal_nether'
[00:31:54] [Server thread/INFO]: [ChunkHolderManager] Saved 0 block chunks, 0 entity chunks, 0 poi chunks in world 'morrow_rehearsal_nether' in 0.00s
[00:31:54] [Server thread/INFO]: [ChunkHolderManager] Waiting 60s for chunk I/O to halt for world 'morrow_rehearsal_nether'
[00:31:54] [Server thread/INFO]: [ChunkHolderManager] Halted I/O scheduler for world 'morrow_rehearsal_nether'
[00:31:54] [Server thread/INFO]: Saving chunks for level 'ServerLevel[morrow_rehearsal_the_end]'/minecraft:the_end
[00:31:54] [Server thread/INFO]: [ChunkHolderManager] Waiting 60s for chunk system to halt for world 'morrow_rehearsal_the_end'
[00:31:54] [Server thread/INFO]: [ChunkHolderManager] Halted chunk system for world 'morrow_rehearsal_the_end'
[00:31:54] [Server thread/INFO]: [ChunkHolderManager] Saving all chunkholders for world 'morrow_rehearsal_the_end'
[00:31:54] [Server thread/INFO]: [ChunkHolderManager] Saved 0 block chunks, 0 entity chunks, 0 poi chunks in world 'morrow_rehearsal_the_end' in 0.00s
[00:31:54] [Server thread/INFO]: [ChunkHolderManager] Waiting 60s for chunk I/O to halt for world 'morrow_rehearsal_the_end'
[00:31:54] [Server thread/INFO]: [ChunkHolderManager] Halted I/O scheduler for world 'morrow_rehearsal_the_end'
[00:31:54] [Server thread/INFO]: ThreadedAnvilChunkStorage (morrow_rehearsal): All chunks are saved
[00:31:54] [Server thread/INFO]: ThreadedAnvilChunkStorage (DIM-1): All chunks are saved
[00:31:54] [Server thread/INFO]: ThreadedAnvilChunkStorage (DIM1): All chunks are saved
[00:31:54] [Server thread/INFO]: ThreadedAnvilChunkStorage: All dimensions are saved
[00:31:54] [Server thread/INFO]: Waiting for all RegionFile I/O tasks to complete...
[00:31:54] [Server thread/INFO]: All RegionFile I/O tasks to complete
[00:31:54] [Server thread/INFO]: [MoonriseCommon] Awaiting termination of worker pool for up to 60s...
[00:31:54] [Server thread/INFO]: [MoonriseCommon] Awaiting termination of I/O pool for up to 60s...
