Starting org.bukkit.craftbukkit.Main
[20:36:49 INFO]: [bootstrap] Running Java 21 (OpenJDK 64-Bit Server VM 21.0.10+7-LTS; Eclipse Adoptium Temurin-21.0.10+7) on Windows 10 10.0 (amd64)
[20:36:49 INFO]: [bootstrap] Loading Paper 1.21.11-132-ver/1.21.11@c5eb079 (2026-05-11T11:43:09Z) for Minecraft 1.21.11
[20:36:50 INFO]: [PluginInitializerManager] Initializing plugins...
[20:36:51 INFO]: [ReobfServer] Remapping server...
[20:36:55 INFO]: [ReobfServer] Done remapping server in 3852ms.
[20:36:55 INFO]: [PluginRemapper] Remapping plugin 'plugins\observance-0.5.0.jar'...
[20:36:55 INFO]: [PluginRemapper] Done remapping plugin 'plugins\observance-0.5.0.jar' in 453ms.
[20:36:55 INFO]: [PluginInitializerManager] Initialized 1 plugin
[20:36:55 INFO]: [PluginInitializerManager] Bukkit plugins (1):
 - Observance (0.5.0)
[20:36:59 INFO]: Environment: Environment[sessionHost=https://sessionserver.mojang.com, servicesHost=https://api.minecraftservices.com, profilesHost=https://api.mojang.com, name=PROD]
[20:36:59 INFO]: Found new data pack file/bukkit, loading it automatically
[20:36:59 INFO]: Found new data pack paper, loading it automatically
[31;1m[20:36:59 ERROR]: Failed to request yggdrasil public key
com.mojang.authlib.exceptions.MinecraftClientException: Failed to read from https://api.minecraftservices.com/publickeys due to (certificate_unknown) PKIX path building failed: sun.security.provider.certpath.SunCertPathBuilderException: unable to find valid certification path to requested target
	at com.mojang.authlib.minecraft.client.MinecraftClient.readInputStream(MinecraftClient.java:111) ~[authlib-7.0.61.jar:?]
	at com.mojang.authlib.minecraft.client.MinecraftClient.get(MinecraftClient.java:56) ~[authlib-7.0.61.jar:?]
	at com.mojang.authlib.yggdrasil.YggdrasilServicesKeyInfo.fetch(YggdrasilServicesKeyInfo.java:114) ~[authlib-7.0.61.jar:?]
	at com.mojang.authlib.yggdrasil.YggdrasilServicesKeyInfo$1.run(YggdrasilServicesKeyInfo.java:89) ~[authlib-7.0.61.jar:?]
	at java.base/java.util.concurrent.Executors$RunnableAdapter.call(Executors.java:572) ~[?:?]
	at java.base/java.util.concurrent.FutureTask.run(FutureTask.java:317) ~[?:?]
	at java.base/java.util.concurrent.ScheduledThreadPoolExecutor$ScheduledFutureTask.run(ScheduledThreadPoolExecutor.java:304) ~[?:?]
	at java.base/java.util.concurrent.ThreadPoolExecutor.runWorker(ThreadPoolExecutor.java:1144) ~[?:?]
	at java.base/java.util.concurrent.ThreadPoolExecutor$Worker.run(ThreadPoolExecutor.java:642) ~[?:?]
	at java.base/java.lang.Thread.run(Thread.java:1583) ~[?:?]
Caused by: javax.net.ssl.SSLHandshakeException: (certificate_unknown) PKIX path building failed: sun.security.provider.certpath.SunCertPathBuilderException: unable to find valid certification path to requested target
	at java.base/sun.security.ssl.Alert.createSSLException(Alert.java:130) ~[?:?]
	at java.base/sun.security.ssl.TransportContext.fatal(TransportContext.java:383) ~[?:?]
	at java.base/sun.security.ssl.TransportContext.fatal(TransportContext.java:326) ~[?:?]
	at java.base/sun.security.ssl.TransportContext.fatal(TransportContext.java:321) ~[?:?]
	at java.base/sun.security.ssl.CertificateMessage$T13CertificateConsumer.checkServerCerts(CertificateMessage.java:1287) ~[?:?]
	at java.base/sun.security.ssl.CertificateMessage$T13CertificateConsumer.onConsumeCertificate(CertificateMessage.java:1164) ~[?:?]
	at java.base/sun.security.ssl.CertificateMessage$T13CertificateConsumer.consume(CertificateMessage.java:1107) ~[?:?]
	at java.base/sun.security.ssl.SSLHandshake.consume(SSLHandshake.java:393) ~[?:?]
	at java.base/sun.security.ssl.HandshakeContext.dispatch(HandshakeContext.java:477) ~[?:?]
	at java.base/sun.security.ssl.HandshakeContext.dispatch(HandshakeContext.java:448) ~[?:?]
	at java.base/sun.security.ssl.TransportContext.dispatch(TransportContext.java:206) ~[?:?]
	at java.base/sun.security.ssl.SSLTransport.decode(SSLTransport.java:172) ~[?:?]
	at java.base/sun.security.ssl.SSLSocketImpl.decode(SSLSocketImpl.java:1506) ~[?:?]
	at java.base/sun.security.ssl.SSLSocketImpl.readHandshakeRecord(SSLSocketImpl.java:1421) ~[?:?]
	at java.base/sun.security.ssl.SSLSocketImpl.startHandshake(SSLSocketImpl.java:455) ~[?:?]
	at java.base/sun.security.ssl.SSLSocketImpl.startHandshake(SSLSocketImpl.java:426) ~[?:?]
	at java.base/sun.net.www.protocol.https.HttpsClient.afterConnect(HttpsClient.java:586) ~[?:?]
	at java.base/sun.net.www.protocol.https.AbstractDelegateHttpsURLConnection.connect(AbstractDelegateHttpsURLConnection.java:187) ~[?:?]
	at java.base/sun.net.www.protocol.http.HttpURLConnection.getInputStream0(HttpURLConnection.java:1705) ~[?:?]
	at java.base/sun.net.www.protocol.http.HttpURLConnection.getInputStream(HttpURLConnection.java:1629) ~[?:?]
	at java.base/java.net.HttpURLConnection.getResponseCode(HttpURLConnection.java:531) ~[?:?]
	at java.base/sun.net.www.protocol.https.HttpsURLConnectionImpl.getResponseCode(HttpsURLConnectionImpl.java:307) ~[?:?]
	at com.mojang.authlib.minecraft.client.MinecraftClient.readInputStream(MinecraftClient.java:82) ~[authlib-7.0.61.jar:?]
	... 9 more
Caused by: sun.security.validator.ValidatorException: PKIX path building failed: sun.security.provider.certpath.SunCertPathBuilderException: unable to find valid certification path to requested target
	at java.base/sun.security.validator.PKIXValidator.doBuild(PKIXValidator.java:388) ~[?:?]
	at java.base/sun.security.validator.PKIXValidator.engineValidate(PKIXValidator.java:271) ~[?:?]
	at java.base/sun.security.validator.Validator.validate(Validator.java:256) ~[?:?]
	at java.base/sun.security.ssl.X509TrustManagerImpl.checkTrusted(X509TrustManagerImpl.java:230) ~[?:?]
	at java.base/sun.security.ssl.X509TrustManagerImpl.checkServerTrusted(X509TrustManagerImpl.java:132) ~[?:?]
	at java.base/sun.security.ssl.CertificateMessage$T13CertificateConsumer.checkServerCerts(CertificateMessage.java:1271) ~[?:?]
	... 27 more
Caused by: sun.security.provider.certpath.SunCertPathBuilderException: unable to find valid certification path to requested target
	at java.base/sun.security.provider.certpath.SunCertPathBuilder.build(SunCertPathBuilder.java:148) ~[?:?]
	at java.base/sun.security.provider.certpath.SunCertPathBuilder.engineBuild(SunCertPathBuilder.java:129) ~[?:?]
	at java.base/java.security.cert.CertPathBuilder.build(CertPathBuilder.java:297) ~[?:?]
	at java.base/sun.security.validator.PKIXValidator.doBuild(PKIXValidator.java:383) ~[?:?]
	... 32 more
[m[20:36:59 INFO]: No existing world data, creating new world
[31;1m[20:36:59 ERROR]: No key layers in MapLike[{}]
[m[20:37:00 INFO]: Loaded 1470 recipes
[20:37:00 INFO]: Loaded 1584 advancements
[20:37:00 INFO]: [ca.spottedleaf.dataconverter.minecraft.datatypes.MCTypeRegistry] Initialising converters for DataConverter...
[20:37:00 INFO]: [ca.spottedleaf.dataconverter.minecraft.datatypes.MCTypeRegistry] Finished initialising converters for DataConverter in 272.7ms
[20:37:00 INFO]: Starting minecraft server version 1.21.11
[20:37:00 INFO]: Loading properties
[20:37:00 INFO]: This server is running Paper version 1.21.11-132-ver/1.21.11@c5eb079 (2026-05-11T11:43:09Z) (Implementing API version 1.21.11-R0.1-SNAPSHOT)
[20:37:00 INFO]: [spark] This server bundles the spark profiler. For more information please visit https://docs.papermc.io/paper/profiling
[20:37:00 INFO]: Using 4 threads for Netty based IO
[20:37:00 INFO]: Server Ping Player Sample Count: 12
[20:37:01 INFO]: [MoonriseCommon] Paper is using 4 worker threads, 1 I/O threads
[20:37:01 INFO]: Default game type: ADVENTURE
[20:37:01 INFO]: Generating keypair
[20:37:01 INFO]: Starting Minecraft server on 127.0.0.1:25622
> 
  
[20:37:01 INFO]: Paper: Using Java compression from Velocity.
> 
  
[20:37:01 INFO]: Paper: Using Java cipher from Velocity.
> 
  
[20:37:01 INFO]: [Observance] Loading server plugin Observance v0.5.0
> 
  
[33;1m[20:37:01 WARN]: **** SERVER IS RUNNING IN OFFLINE/INSECURE MODE!
[m> 
  
[33;1m[20:37:01 WARN]: The server will make no attempt to authenticate usernames. Beware.
[m> 
  
[33;1m[20:37:01 WARN]: While this makes the game possible to play without internet access, it also opens up the ability for hackers to connect with any username they choose.
[m> 
  
[33;1m[20:37:01 WARN]: To change this, set "online-mode" to "true" in the server.properties file.
[m> 
  
[20:37:01 INFO]: Preparing level "morrow_rehearsal"
> 
  
[31;1m[20:37:01 ERROR]: No key layers in MapLike[{}]
[m> 
  
[20:37:01 INFO]: Selecting spawn point for world 'minecraft:overworld'...
> 
  
[31;1m[20:37:02 ERROR]: No key layers in MapLike[{}]
[m> 
  
[20:37:02 INFO]: Selecting spawn point for world 'minecraft:the_nether'...
> 
  
[31;1m[20:37:02 ERROR]: No key layers in MapLike[{}]
[m> 
  
[20:37:02 INFO]: Selecting spawn point for world 'minecraft:the_end'...
> 
  
[20:37:02 INFO]: Loading 0 persistent chunks for world 'minecraft:overworld'...
> 
  
[20:37:02 INFO]: Preparing spawn area: 100%
> 
  
[20:37:02 INFO]: Prepared spawn area in 990 ms
> 
  
[20:37:02 INFO]: Loading 0 persistent chunks for world 'minecraft:the_nether'...
> 
  
[20:37:02 INFO]: Preparing spawn area: 100%
> 
  
[20:37:02 INFO]: Prepared spawn area in 699 ms
> 
  
[20:37:02 INFO]: Loading 0 persistent chunks for world 'minecraft:the_end'...
> 
  
[20:37:02 INFO]: Preparing spawn area: 100%
> 
  
[20:37:02 INFO]: Prepared spawn area in 186 ms
> 
  
[20:37:02 INFO]: Done preparing level "morrow_rehearsal" (1.235s)
> 
  
[20:37:02 INFO]: [Observance] Enabling Observance v0.5.0
> 
  
[20:37:03 INFO]: [Observance] MORROW_PLAYER_SAFE_ENTRY_READY world=morrow_rehearsal spawn=0,80,-2
> 
  
[20:37:03 INFO]: [Observance] MORROW_ROOM04_READY status=BUILT manifest=9831893bf03387b6c59b3835b648f056aafd67e6e194f3ade0282a7192fff41a snapshot=9a876aa0492529743057e40ee9b1c106cfd159718fa4acf89ed3e5a805d77776 blocks=1144
> 
  
[20:37:03 INFO]: [Observance] MORROW_M05_READY manifest=9489b8b719a93c5b00647d7559ce7a65025239dc613c10c175cee313340a91e4 route=empty labels=3
> 
  
[20:37:03 INFO]: [Observance] MORROW_VERSION_ROOMS_READY status=BUILT manifest=9489b8b719a93c5b00647d7559ce7a65025239dc613c10c175cee313340a91e4 blocks=1617
> 
  
[20:37:03 INFO]: [Observance] MORROW_RUNTIME_READY release=morrow.rehearsal.c40f916.paper.v1 journal_events=3 projector_state=IDLE resource_pack=disabled body_entities=2 static_entities=26 replay_entities=6 version_entities=3
> 
  
[20:37:03 INFO]: [Observance] Morrow reboot runtime enabled for release morrow.rehearsal.c40f916.paper.v1; unrelated campaign runtimes remain disabled.
> 
  
[20:37:03 INFO]: [spark] Starting background profiler...
> 
  
[20:37:03 INFO]: [spark] The async-profiler engine is not supported for your os/arch (windows10/amd64), so the built-in Java engine will be used instead.
> 
  
[20:37:03 INFO]: Running delayed init tasks
> 
  
[20:37:03 INFO]: Done (14.576s)! For help, type "help"
> 
  
[20:37:03 INFO]: *************************************************************************************
> 
  
[20:37:03 INFO]: This is the first time you're starting this server.
> 
  
[20:37:03 INFO]: It's recommended you read our 'Getting Started' documentation for guidance.
> 
  
[20:37:03 INFO]: View this and more helpful information here: https://docs.papermc.io/paper/next-steps
> 
  
[20:37:03 INFO]: *************************************************************************************
> > 
  
[31;1m[20:37:03 ERROR]: [PaperVersionFetcher] Error while parsing version list
java.net.ConnectException: Connection refused: getsockopt
	at java.base/sun.nio.ch.Net.pollConnect(Native Method) ~[?:?]
	at java.base/sun.nio.ch.Net.pollConnectNow(Net.java:694) ~[?:?]
	at java.base/sun.nio.ch.NioSocketImpl.timedFinishConnect(NioSocketImpl.java:542) ~[?:?]
	at java.base/sun.nio.ch.NioSocketImpl.connect(NioSocketImpl.java:592) ~[?:?]
	at java.base/java.net.Socket.connect(Socket.java:751) ~[?:?]
	at java.base/sun.net.NetworkClient.doConnect(NetworkClient.java:178) ~[?:?]
	at java.base/sun.net.www.http.HttpClient.openServer(HttpClient.java:531) ~[?:?]
	at java.base/sun.net.www.http.HttpClient$1.run(HttpClient.java:590) ~[?:?]
	at java.base/sun.net.www.http.HttpClient$1.run(HttpClient.java:588) ~[?:?]
	at java.base/java.security.AccessController.doPrivileged(AccessController.java:571) ~[?:?]
	at java.base/sun.net.www.http.HttpClient.privilegedOpenServer(HttpClient.java:587) ~[?:?]
	at java.base/sun.net.www.http.HttpClient.openServer(HttpClient.java:631) ~[?:?]
	at java.base/sun.net.www.protocol.https.HttpsClient.<init>(HttpsClient.java:264) ~[?:?]
	at java.base/sun.net.www.protocol.https.HttpsClient.New(HttpsClient.java:377) ~[?:?]
	at java.base/sun.net.www.protocol.https.AbstractDelegateHttpsURLConnection.getNewHttpClient(AbstractDelegateHttpsURLConnection.java:202) ~[?:?]
	at java.base/sun.net.www.protocol.http.HttpURLConnection.plainConnect0(HttpURLConnection.java:1278) ~[?:?]
	at java.base/sun.net.www.protocol.http.HttpURLConnection.plainConnect(HttpURLConnection.java:1143) ~[?:?]
	at java.base/sun.net.www.protocol.https.AbstractDelegateHttpsURLConnection.connect(AbstractDelegateHttpsURLConnection.java:179) ~[?:?]
	at java.base/sun.net.www.protocol.http.HttpURLConnection.getInputStream0(HttpURLConnection.java:1705) ~[?:?]
	at java.base/sun.net.www.protocol.http.HttpURLConnection.getInputStream(HttpURLConnection.java:1629) ~[?:?]
	at java.base/sun.net.www.protocol.https.HttpsURLConnectionImpl.getInputStream(HttpsURLConnectionImpl.java:223) ~[?:?]
	at com.destroystokyo.paper.PaperVersionFetcher.fetchMinecraftVersionList(PaperVersionFetcher.java:149) ~[paper-1.21.11.jar:?]
	at com.destroystokyo.paper.PaperVersionFetcher.getUpdateStatusStartupMessage(PaperVersionFetcher.java:74) ~[paper-1.21.11.jar:?]
	at java.base/java.util.concurrent.CompletableFuture$AsyncRun.run(CompletableFuture.java:1804) ~[?:?]
	at java.base/java.util.concurrent.ThreadPoolExecutor.runWorker(ThreadPoolExecutor.java:1144) ~[?:?]
	at java.base/java.util.concurrent.ThreadPoolExecutor$Worker.run(ThreadPoolExecutor.java:642) ~[?:?]
	at java.base/java.lang.Thread.run(Thread.java:1583) ~[?:?]
[m> 
  
[31;1m[20:37:03 ERROR]: [PaperVersionFetcher] Error while parsing version
java.net.ConnectException: Connection refused: getsockopt
	at java.base/sun.nio.ch.Net.pollConnect(Native Method) ~[?:?]
	at java.base/sun.nio.ch.Net.pollConnectNow(Net.java:694) ~[?:?]
	at java.base/sun.nio.ch.NioSocketImpl.timedFinishConnect(NioSocketImpl.java:542) ~[?:?]
	at java.base/sun.nio.ch.NioSocketImpl.connect(NioSocketImpl.java:592) ~[?:?]
	at java.base/java.net.Socket.connect(Socket.java:751) ~[?:?]
	at java.base/sun.net.NetworkClient.doConnect(NetworkClient.java:178) ~[?:?]
	at java.base/sun.net.www.http.HttpClient.openServer(HttpClient.java:531) ~[?:?]
	at java.base/sun.net.www.http.HttpClient$1.run(HttpClient.java:590) ~[?:?]
	at java.base/sun.net.www.http.HttpClient$1.run(HttpClient.java:588) ~[?:?]
	at java.base/java.security.AccessController.doPrivileged(AccessController.java:571) ~[?:?]
	at java.base/sun.net.www.http.HttpClient.privilegedOpenServer(HttpClient.java:587) ~[?:?]
	at java.base/sun.net.www.http.HttpClient.openServer(HttpClient.java:631) ~[?:?]
	at java.base/sun.net.www.protocol.https.HttpsClient.<init>(HttpsClient.java:264) ~[?:?]
	at java.base/sun.net.www.protocol.https.HttpsClient.New(HttpsClient.java:377) ~[?:?]
	at java.base/sun.net.www.protocol.https.AbstractDelegateHttpsURLConnection.getNewHttpClient(AbstractDelegateHttpsURLConnection.java:202) ~[?:?]
	at java.base/sun.net.www.protocol.http.HttpURLConnection.plainConnect0(HttpURLConnection.java:1278) ~[?:?]
	at java.base/sun.net.www.protocol.http.HttpURLConnection.plainConnect(HttpURLConnection.java:1143) ~[?:?]
	at java.base/sun.net.www.protocol.https.AbstractDelegateHttpsURLConnection.connect(AbstractDelegateHttpsURLConnection.java:179) ~[?:?]
	at java.base/sun.net.www.protocol.http.HttpURLConnection.getInputStream0(HttpURLConnection.java:1705) ~[?:?]
	at java.base/sun.net.www.protocol.http.HttpURLConnection.getInputStream(HttpURLConnection.java:1629) ~[?:?]
	at java.base/sun.net.www.protocol.https.HttpsURLConnectionImpl.getInputStream(HttpsURLConnectionImpl.java:223) ~[?:?]
	at com.destroystokyo.paper.PaperVersionFetcher.fetchDistanceFromSiteApi(PaperVersionFetcher.java:203) ~[paper-1.21.11.jar:?]
	at com.destroystokyo.paper.PaperVersionFetcher.getUpdateStatusStartupMessage(PaperVersionFetcher.java:76) ~[paper-1.21.11.jar:?]
	at java.base/java.util.concurrent.CompletableFuture$AsyncRun.run(CompletableFuture.java:1804) ~[?:?]
	at java.base/java.util.concurrent.ThreadPoolExecutor.runWorker(ThreadPoolExecutor.java:1144) ~[?:?]
	at java.base/java.util.concurrent.ThreadPoolExecutor$Worker.run(ThreadPoolExecutor.java:642) ~[?:?]
	at java.base/java.lang.Thread.run(Thread.java:1583) ~[?:?]
[m> 
  
[31;1m[20:37:03 ERROR]: *** Error obtaining version information! Cannot fetch version info ***
[m> 
  
[20:37:04 INFO]: Saving the game (this may take a moment!)
> 
  
[20:37:04 INFO]: ThreadedAnvilChunkStorage (morrow_rehearsal): All chunks are saved
> 
  
[20:37:04 INFO]: ThreadedAnvilChunkStorage (DIM-1): All chunks are saved
> 
  
[20:37:04 INFO]: ThreadedAnvilChunkStorage (DIM1): All chunks are saved
> 
  
[20:37:04 INFO]: ThreadedAnvilChunkStorage: All dimensions are saved
> 
  
[20:37:04 INFO]: Saved the game
> > 
  
[20:37:04 INFO]: Stopping the server
> 
  
[20:37:04 INFO]: Stopping server
> 
  
[20:37:04 INFO]: [Observance] Disabling Observance v0.5.0
> 
  
[20:37:04 INFO]: [Observance] MORROW_RUNTIME_CLOSED entities_and_tasks=cleaned
> 
  
[20:37:04 INFO]: [Observance] The Observance sleeps.
> 
  
[20:37:04 INFO]: Saving players
> 
  
[20:37:04 INFO]: Saving worlds
> 
  
[20:37:04 INFO]: Saving chunks for level 'ServerLevel[morrow_rehearsal]'/minecraft:overworld
> 
  
[20:37:04 INFO]: [ChunkHolderManager] Waiting 60s for chunk system to halt for world 'morrow_rehearsal'
> 
  
[20:37:04 INFO]: [ChunkHolderManager] Halted chunk system for world 'morrow_rehearsal'
> 
  
[20:37:04 INFO]: [ChunkHolderManager] Saving all chunkholders for world 'morrow_rehearsal'
> 
  
[20:37:04 INFO]: [ChunkHolderManager] Saved 516 block chunks, 5 entity chunks, 0 poi chunks in world 'morrow_rehearsal' in 0.08s
> 
  
[20:37:04 INFO]: [ChunkHolderManager] Waiting 60s for chunk I/O to halt for world 'morrow_rehearsal'
> 
  
[20:37:04 INFO]: [ChunkHolderManager] Halted I/O scheduler for world 'morrow_rehearsal'
> 
  
[20:37:04 INFO]: Saving chunks for level 'ServerLevel[morrow_rehearsal_nether]'/minecraft:the_nether
> 
  
[20:37:04 INFO]: [ChunkHolderManager] Waiting 60s for chunk system to halt for world 'morrow_rehearsal_nether'
> 
  
[20:37:04 INFO]: [ChunkHolderManager] Halted chunk system for world 'morrow_rehearsal_nether'
> 
  
[20:37:04 INFO]: [ChunkHolderManager] Saving all chunkholders for world 'morrow_rehearsal_nether'
> 
  
[20:37:04 INFO]: [ChunkHolderManager] Saved 428 block chunks, 0 entity chunks, 0 poi chunks in world 'morrow_rehearsal_nether' in 0.08s
> 
  
[20:37:04 INFO]: [ChunkHolderManager] Waiting 60s for chunk I/O to halt for world 'morrow_rehearsal_nether'
> 
  
[20:37:04 INFO]: [ChunkHolderManager] Halted I/O scheduler for world 'morrow_rehearsal_nether'
> 
  
[20:37:04 INFO]: Saving chunks for level 'ServerLevel[morrow_rehearsal_the_end]'/minecraft:the_end
> 
  
[20:37:04 INFO]: [ChunkHolderManager] Waiting 60s for chunk system to halt for world 'morrow_rehearsal_the_end'
> 
  
[20:37:04 INFO]: [ChunkHolderManager] Halted chunk system for world 'morrow_rehearsal_the_end'
> 
  
[20:37:04 INFO]: [ChunkHolderManager] Saving all chunkholders for world 'morrow_rehearsal_the_end'
> 
  
[20:37:04 INFO]: [ChunkHolderManager] Saved 428 block chunks, 0 entity chunks, 0 poi chunks in world 'morrow_rehearsal_the_end' in 0.06s
> 
  
[20:37:04 INFO]: [ChunkHolderManager] Waiting 60s for chunk I/O to halt for world 'morrow_rehearsal_the_end'
> 
  
[20:37:04 INFO]: [ChunkHolderManager] Halted I/O scheduler for world 'morrow_rehearsal_the_end'
> 
  
[20:37:04 INFO]: ThreadedAnvilChunkStorage (morrow_rehearsal): All chunks are saved
> 
  
[20:37:04 INFO]: ThreadedAnvilChunkStorage (DIM-1): All chunks are saved
> 
  
[20:37:04 INFO]: ThreadedAnvilChunkStorage (DIM1): All chunks are saved
> 
  
[20:37:04 INFO]: ThreadedAnvilChunkStorage: All dimensions are saved
> 
  
[20:37:04 INFO]: Waiting for all RegionFile I/O tasks to complete...
> 
  
[20:37:04 INFO]: All RegionFile I/O tasks to complete
> 
  
[20:37:04 INFO]: [MoonriseCommon] Awaiting termination of worker pool for up to 60s...
> 
  
[20:37:04 INFO]: [MoonriseCommon] Awaiting termination of I/O pool for up to 60s...
> 
