[17:39:06] [ServerMain/INFO]: [bootstrap] Running Java 21 (OpenJDK 64-Bit Server VM 21.0.10+7-LTS; Eclipse Adoptium Temurin-21.0.10+7) on Windows 10 10.0 (amd64)
[17:39:06] [ServerMain/INFO]: [bootstrap] Loading Paper 1.21.11-132-ver/1.21.11@c5eb079 (2026-05-11T11:43:09Z) for Minecraft 1.21.11
[17:39:06] [ServerMain/WARN]: [oshi.util.platform.windows.WmiQueryHandler] COM exception querying Win32_Processor, which might not be on your system. Will not attempt to query it again. Error was -2147217405: (HRESULT: 80041003)
[17:39:06] [ServerMain/WARN]: [oshi.util.platform.windows.WmiQueryHandler] COM exception querying Win32_Processor, which might not be on your system. Will not attempt to query it again. Error was -2147217405: (HRESULT: 80041003)
[17:39:06] [ServerMain/WARN]: [oshi.util.platform.windows.WmiQueryHandler] COM exception querying Win32_PhysicalMemory, which might not be on your system. Will not attempt to query it again. Error was -2147217405: (HRESULT: 80041003)
[17:39:06] [ServerMain/INFO]: [PluginInitializerManager] Initializing plugins...
[17:39:07] [Paper Plugin Remapper Thread - 2/INFO]: [PluginRemapper] Remapping plugin 'plugins\observance-0.5.0.jar'...
[17:39:08] [Paper Plugin Remapper Thread - 2/INFO]: [PluginRemapper] Done remapping plugin 'plugins\observance-0.5.0.jar' in 1014ms.
[17:39:08] [ServerMain/INFO]: [PluginInitializerManager] Initialized 1 plugin
[17:39:08] [ServerMain/INFO]: [PluginInitializerManager] Bukkit plugins (1):
 - Observance (0.5.0)
[17:39:12] [ServerMain/INFO]: Environment: Environment[sessionHost=https://sessionserver.mojang.com, servicesHost=https://api.minecraftservices.com, profilesHost=https://api.mojang.com, name=PROD]
[17:39:12] [Yggdrasil Key Fetcher/ERROR]: Failed to request yggdrasil public key
com.mojang.authlib.exceptions.MinecraftClientException: Failed to read from https://api.minecraftservices.com/publickeys due to Permission denied: getsockopt
	at com.mojang.authlib.minecraft.client.MinecraftClient.readInputStream(MinecraftClient.java:111) ~[authlib-7.0.61.jar:?]
	at com.mojang.authlib.minecraft.client.MinecraftClient.get(MinecraftClient.java:56) ~[authlib-7.0.61.jar:?]
	at com.mojang.authlib.yggdrasil.YggdrasilServicesKeyInfo.fetch(YggdrasilServicesKeyInfo.java:114) ~[authlib-7.0.61.jar:?]
	at com.mojang.authlib.yggdrasil.YggdrasilServicesKeyInfo$1.run(YggdrasilServicesKeyInfo.java:89) ~[authlib-7.0.61.jar:?]
	at java.base/java.util.concurrent.Executors$RunnableAdapter.call(Executors.java:572) ~[?:?]
	at java.base/java.util.concurrent.FutureTask.run(FutureTask.java:317) ~[?:?]
	at java.base/java.util.concurrent.ScheduledThreadPoolExecutor$ScheduledFutureTask.run(ScheduledThreadPoolExecutor.java:304) ~[?:?]
	at java.base/java.util.concurrent.ThreadPoolExecutor.runWorker(ThreadPoolExecutor.java:1144) ~[?:?]
	at java.base/java.util.concurrent.ThreadPoolExecutor$Worker.run(ThreadPoolExecutor.java:642) ~[?:?]
	at java.base/java.lang.Thread.run(Thread.java:1583) ~[?:?]
Caused by: java.net.SocketException: Permission denied: getsockopt
	at java.base/sun.nio.ch.Net.pollConnect(Native Method) ~[?:?]
	at java.base/sun.nio.ch.Net.pollConnectNow(Net.java:694) ~[?:?]
	at java.base/sun.nio.ch.NioSocketImpl.timedFinishConnect(NioSocketImpl.java:542) ~[?:?]
	at java.base/sun.nio.ch.NioSocketImpl.connect(NioSocketImpl.java:592) ~[?:?]
	at java.base/java.net.SocksSocketImpl.connect(SocksSocketImpl.java:327) ~[?:?]
	at java.base/java.net.Socket.connect(Socket.java:751) ~[?:?]
	at java.base/sun.security.ssl.SSLSocketImpl.connect(SSLSocketImpl.java:304) ~[?:?]
	at java.base/sun.net.NetworkClient.doConnect(NetworkClient.java:178) ~[?:?]
	at java.base/sun.net.www.http.HttpClient.openServer(HttpClient.java:531) ~[?:?]
	at java.base/sun.net.www.http.HttpClient.openServer(HttpClient.java:636) ~[?:?]
	at java.base/sun.net.www.protocol.https.HttpsClient.<init>(HttpsClient.java:264) ~[?:?]
	at java.base/sun.net.www.protocol.https.HttpsClient.New(HttpsClient.java:377) ~[?:?]
	at java.base/sun.net.www.protocol.https.AbstractDelegateHttpsURLConnection.getNewHttpClient(AbstractDelegateHttpsURLConnection.java:193) ~[?:?]
	at java.base/sun.net.www.protocol.http.HttpURLConnection.plainConnect0(HttpURLConnection.java:1302) ~[?:?]
	at java.base/sun.net.www.protocol.http.HttpURLConnection.plainConnect(HttpURLConnection.java:1143) ~[?:?]
	at java.base/sun.net.www.protocol.https.AbstractDelegateHttpsURLConnection.connect(AbstractDelegateHttpsURLConnection.java:179) ~[?:?]
	at java.base/sun.net.www.protocol.http.HttpURLConnection.getInputStream0(HttpURLConnection.java:1705) ~[?:?]
	at java.base/sun.net.www.protocol.http.HttpURLConnection.getInputStream(HttpURLConnection.java:1629) ~[?:?]
	at java.base/java.net.HttpURLConnection.getResponseCode(HttpURLConnection.java:531) ~[?:?]
	at java.base/sun.net.www.protocol.https.HttpsURLConnectionImpl.getResponseCode(HttpsURLConnectionImpl.java:307) ~[?:?]
	at com.mojang.authlib.minecraft.client.MinecraftClient.readInputStream(MinecraftClient.java:82) ~[authlib-7.0.61.jar:?]
	... 9 more
[17:39:13] [ServerMain/INFO]: Loaded 1470 recipes
[17:39:13] [ServerMain/INFO]: Loaded 1584 advancements
[17:39:13] [ServerMain/INFO]: [ca.spottedleaf.dataconverter.minecraft.datatypes.MCTypeRegistry] Initialising converters for DataConverter...
[17:39:13] [ServerMain/INFO]: [ca.spottedleaf.dataconverter.minecraft.datatypes.MCTypeRegistry] Finished initialising converters for DataConverter in 279.2ms
[17:39:13] [Server thread/INFO]: Starting minecraft server version 1.21.11
[17:39:13] [Server thread/INFO]: Loading properties
[17:39:13] [Server thread/INFO]: This server is running Paper version 1.21.11-132-ver/1.21.11@c5eb079 (2026-05-11T11:43:09Z) (Implementing API version 1.21.11-R0.1-SNAPSHOT)
[17:39:13] [Server thread/INFO]: [spark] This server bundles the spark profiler. For more information please visit https://docs.papermc.io/paper/profiling
[17:39:13] [Server thread/INFO]: Server Ping Player Sample Count: 12
[17:39:13] [Server thread/INFO]: Using 4 threads for Netty based IO
[17:39:14] [Server thread/INFO]: [MoonriseCommon] Paper is using 4 worker threads, 1 I/O threads
[17:39:14] [Server thread/INFO]: Default game type: ADVENTURE
[17:39:14] [Server thread/INFO]: Generating keypair
[17:39:14] [Server thread/INFO]: Starting Minecraft server on 127.0.0.1:25592
[17:39:14] [Server thread/INFO]: Paper: Using Java compression from Velocity.
[17:39:14] [Server thread/INFO]: Paper: Using Java cipher from Velocity.
[17:39:14] [Server thread/INFO]: [Observance] Loading server plugin Observance v0.5.0
[17:39:14] [Server thread/INFO]: Server permissions file permissions.yml is empty, ignoring it
[17:39:14] [Server thread/WARN]: **** SERVER IS RUNNING IN OFFLINE/INSECURE MODE!
[17:39:14] [Server thread/WARN]: The server will make no attempt to authenticate usernames. Beware.
[17:39:14] [Server thread/WARN]: While this makes the game possible to play without internet access, it also opens up the ability for hackers to connect with any username they choose.
[17:39:14] [Server thread/WARN]: To change this, set "online-mode" to "true" in the server.properties file.
[17:39:14] [Server thread/INFO]: Preparing level "morrow_rehearsal"
[17:39:15] [Server thread/INFO]: Loading 0 persistent chunks for world 'minecraft:overworld'...
[17:39:15] [Server thread/INFO]: Prepared spawn area in 1 ms
[17:39:15] [Server thread/INFO]: Loading 0 persistent chunks for world 'minecraft:the_nether'...
[17:39:15] [Server thread/INFO]: Prepared spawn area in 1 ms
[17:39:15] [Server thread/INFO]: Loading 0 persistent chunks for world 'minecraft:the_end'...
[17:39:15] [Server thread/INFO]: Prepared spawn area in 2 ms
[17:39:15] [Server thread/INFO]: Done preparing level "morrow_rehearsal" (0.337s)
[17:39:15] [Server thread/INFO]: [Observance] Enabling Observance v0.5.0
[17:39:15] [Server thread/INFO]: [Observance] MORROW_PLAYER_SAFE_ENTRY_READY world=morrow_rehearsal spawn=0,80,-2
[17:39:16] [Server thread/INFO]: [Observance] MORROW_ROOM04_READY status=ALREADY_PRESENT manifest=9831893bf03387b6c59b3835b648f056aafd67e6e194f3ade0282a7192fff41a snapshot=46b3f2b51566631de9ec72aaa399f802be0af937d96df31332569c31246769a7 blocks=1144
[17:39:16] [Server thread/INFO]: [Observance] MORROW_RUNTIME_READY release=morrow.rehearsal.c40f916.paper.v1 journal_events=3 projector_state=IDLE body_entities=2 static_entities=26 replay_entities=6
[17:39:16] [Server thread/INFO]: [Observance] Morrow reboot runtime enabled for release morrow.rehearsal.c40f916.paper.v1; unrelated campaign runtimes remain disabled.
[17:39:16] [Server thread/INFO]: [spark] Starting background profiler...
[17:39:16] [Server thread/INFO]: [spark] The async-profiler engine is not supported for your os/arch (windows10/amd64), so the built-in Java engine will be used instead.
[17:39:16] [Server thread/INFO]: Running delayed init tasks
[17:39:16] [Server thread/INFO]: Done (18.268s)! For help, type "help"
[17:39:16] [Paper Async Task Handler Thread - 1/ERROR]: [PaperVersionFetcher] Error while parsing version list
java.net.SocketException: Permission denied: getsockopt
	at java.base/sun.nio.ch.Net.pollConnect(Native Method) ~[?:?]
	at java.base/sun.nio.ch.Net.pollConnectNow(Net.java:694) ~[?:?]
	at java.base/sun.nio.ch.NioSocketImpl.timedFinishConnect(NioSocketImpl.java:542) ~[?:?]
	at java.base/sun.nio.ch.NioSocketImpl.connect(NioSocketImpl.java:592) ~[?:?]
	at java.base/java.net.SocksSocketImpl.connect(SocksSocketImpl.java:327) ~[?:?]
	at java.base/java.net.Socket.connect(Socket.java:751) ~[?:?]
	at java.base/sun.security.ssl.SSLSocketImpl.connect(SSLSocketImpl.java:304) ~[?:?]
	at java.base/sun.net.NetworkClient.doConnect(NetworkClient.java:178) ~[?:?]
	at java.base/sun.net.www.http.HttpClient.openServer(HttpClient.java:531) ~[?:?]
	at java.base/sun.net.www.http.HttpClient.openServer(HttpClient.java:636) ~[?:?]
	at java.base/sun.net.www.protocol.https.HttpsClient.<init>(HttpsClient.java:264) ~[?:?]
	at java.base/sun.net.www.protocol.https.HttpsClient.New(HttpsClient.java:377) ~[?:?]
	at java.base/sun.net.www.protocol.https.AbstractDelegateHttpsURLConnection.getNewHttpClient(AbstractDelegateHttpsURLConnection.java:193) ~[?:?]
	at java.base/sun.net.www.protocol.http.HttpURLConnection.plainConnect0(HttpURLConnection.java:1257) ~[?:?]
	at java.base/sun.net.www.protocol.http.HttpURLConnection.plainConnect(HttpURLConnection.java:1143) ~[?:?]
	at java.base/sun.net.www.protocol.https.AbstractDelegateHttpsURLConnection.connect(AbstractDelegateHttpsURLConnection.java:179) ~[?:?]
	at java.base/sun.net.www.protocol.http.HttpURLConnection.getInputStream0(HttpURLConnection.java:1705) ~[?:?]
	at java.base/sun.net.www.protocol.http.HttpURLConnection.getInputStream(HttpURLConnection.java:1629) ~[?:?]
	at java.base/sun.net.www.protocol.https.HttpsURLConnectionImpl.getInputStream(HttpsURLConnectionImpl.java:223) ~[?:?]
	at com.destroystokyo.paper.PaperVersionFetcher.fetchMinecraftVersionList(PaperVersionFetcher.java:149) ~[paper-1.21.11.jar:?]
	at com.destroystokyo.paper.PaperVersionFetcher.getUpdateStatusStartupMessage(PaperVersionFetcher.java:74) ~[paper-1.21.11.jar:?]
	at java.base/java.util.concurrent.CompletableFuture$AsyncRun.run(CompletableFuture.java:1804) ~[?:?]
	at java.base/java.util.concurrent.ThreadPoolExecutor.runWorker(ThreadPoolExecutor.java:1144) ~[?:?]
	at java.base/java.util.concurrent.ThreadPoolExecutor$Worker.run(ThreadPoolExecutor.java:642) ~[?:?]
	at java.base/java.lang.Thread.run(Thread.java:1583) ~[?:?]
[17:39:16] [Paper Async Task Handler Thread - 1/ERROR]: [PaperVersionFetcher] Error while parsing version
java.net.SocketException: Permission denied: getsockopt
	at java.base/sun.nio.ch.Net.pollConnect(Native Method) ~[?:?]
	at java.base/sun.nio.ch.Net.pollConnectNow(Net.java:694) ~[?:?]
	at java.base/sun.nio.ch.NioSocketImpl.timedFinishConnect(NioSocketImpl.java:542) ~[?:?]
	at java.base/sun.nio.ch.NioSocketImpl.connect(NioSocketImpl.java:592) ~[?:?]
	at java.base/java.net.SocksSocketImpl.connect(SocksSocketImpl.java:327) ~[?:?]
	at java.base/java.net.Socket.connect(Socket.java:751) ~[?:?]
	at java.base/sun.security.ssl.SSLSocketImpl.connect(SSLSocketImpl.java:304) ~[?:?]
	at java.base/sun.net.NetworkClient.doConnect(NetworkClient.java:178) ~[?:?]
	at java.base/sun.net.www.http.HttpClient.openServer(HttpClient.java:531) ~[?:?]
	at java.base/sun.net.www.http.HttpClient.openServer(HttpClient.java:636) ~[?:?]
	at java.base/sun.net.www.protocol.https.HttpsClient.<init>(HttpsClient.java:264) ~[?:?]
	at java.base/sun.net.www.protocol.https.HttpsClient.New(HttpsClient.java:377) ~[?:?]
	at java.base/sun.net.www.protocol.https.AbstractDelegateHttpsURLConnection.getNewHttpClient(AbstractDelegateHttpsURLConnection.java:193) ~[?:?]
	at java.base/sun.net.www.protocol.http.HttpURLConnection.plainConnect0(HttpURLConnection.java:1257) ~[?:?]
	at java.base/sun.net.www.protocol.http.HttpURLConnection.plainConnect(HttpURLConnection.java:1143) ~[?:?]
	at java.base/sun.net.www.protocol.https.AbstractDelegateHttpsURLConnection.connect(AbstractDelegateHttpsURLConnection.java:179) ~[?:?]
	at java.base/sun.net.www.protocol.http.HttpURLConnection.getInputStream0(HttpURLConnection.java:1705) ~[?:?]
	at java.base/sun.net.www.protocol.http.HttpURLConnection.getInputStream(HttpURLConnection.java:1629) ~[?:?]
	at java.base/sun.net.www.protocol.https.HttpsURLConnectionImpl.getInputStream(HttpsURLConnectionImpl.java:223) ~[?:?]
	at com.destroystokyo.paper.PaperVersionFetcher.fetchDistanceFromSiteApi(PaperVersionFetcher.java:203) ~[paper-1.21.11.jar:?]
	at com.destroystokyo.paper.PaperVersionFetcher.getUpdateStatusStartupMessage(PaperVersionFetcher.java:76) ~[paper-1.21.11.jar:?]
	at java.base/java.util.concurrent.CompletableFuture$AsyncRun.run(CompletableFuture.java:1804) ~[?:?]
	at java.base/java.util.concurrent.ThreadPoolExecutor.runWorker(ThreadPoolExecutor.java:1144) ~[?:?]
	at java.base/java.util.concurrent.ThreadPoolExecutor$Worker.run(ThreadPoolExecutor.java:642) ~[?:?]
	at java.base/java.lang.Thread.run(Thread.java:1583) ~[?:?]
[17:39:16] [Paper Async Task Handler Thread - 1/ERROR]: *** Error obtaining version information! Cannot fetch version info ***
[17:39:46] [User Authenticator #0/INFO]: UUID of player MorrowWitness is f3cdae45-d1e4-3681-ae9c-ff2704713ec4
[17:39:47] [Server thread/INFO]: [Observance] MORROW_PLAYER_SAFE_ENTRY player=MorrowWitness reason=join action=accepted from=0,80,-2 to=0,80,-2 inventory_mutations=0
[17:39:47] [Server thread/INFO]: MorrowWitness joined the game
[17:39:47] [Server thread/INFO]: MorrowWitness[/127.0.0.1:62380] logged in with entity id 79 at ([morrow_rehearsal]0.5, 80.0, -1.5)
[17:42:55] [Server thread/INFO]: Stopping the server
[17:42:55] [Server thread/INFO]: Stopping server
[17:42:55] [Server thread/INFO]: [Observance] Disabling Observance v0.5.0
[17:42:55] [Server thread/INFO]: [Observance] MORROW_RUNTIME_CLOSED entities_and_tasks=cleaned
[17:42:55] [Server thread/INFO]: [Observance] The Observance sleeps.
[17:42:55] [Server thread/INFO]: Saving players
[17:42:55] [Server thread/INFO]: MorrowWitness lost connection: Server closed
[17:42:56] [Server thread/INFO]: MorrowWitness left the game
[17:42:56] [Server thread/INFO]: Saving worlds
[17:42:56] [Server thread/INFO]: Saving chunks for level 'ServerLevel[morrow_rehearsal]'/minecraft:overworld
[17:42:56] [Server thread/INFO]: [ChunkHolderManager] Waiting 60s for chunk system to halt for world 'morrow_rehearsal'
[17:42:56] [Server thread/INFO]: [ChunkHolderManager] Halted chunk system for world 'morrow_rehearsal'
[17:42:56] [Server thread/INFO]: [ChunkHolderManager] Saving all chunkholders for world 'morrow_rehearsal'
[17:42:56] [Server thread/INFO]: [ChunkHolderManager] Saved 225 block chunks, 225 entity chunks, 0 poi chunks in world 'morrow_rehearsal' in 0.08s
[17:42:56] [Server thread/INFO]: [ChunkHolderManager] Waiting 60s for chunk I/O to halt for world 'morrow_rehearsal'
[17:42:56] [Server thread/INFO]: [ChunkHolderManager] Halted I/O scheduler for world 'morrow_rehearsal'
[17:42:56] [Server thread/INFO]: Saving chunks for level 'ServerLevel[morrow_rehearsal_nether]'/minecraft:the_nether
[17:42:56] [Server thread/INFO]: [ChunkHolderManager] Waiting 60s for chunk system to halt for world 'morrow_rehearsal_nether'
[17:42:56] [Server thread/INFO]: [ChunkHolderManager] Halted chunk system for world 'morrow_rehearsal_nether'
[17:42:56] [Server thread/INFO]: [ChunkHolderManager] Saving all chunkholders for world 'morrow_rehearsal_nether'
[17:42:56] [Server thread/INFO]: [ChunkHolderManager] Saved 0 block chunks, 0 entity chunks, 0 poi chunks in world 'morrow_rehearsal_nether' in 0.00s
[17:42:56] [Server thread/INFO]: [ChunkHolderManager] Waiting 60s for chunk I/O to halt for world 'morrow_rehearsal_nether'
[17:42:56] [Server thread/INFO]: [ChunkHolderManager] Halted I/O scheduler for world 'morrow_rehearsal_nether'
[17:42:56] [Server thread/INFO]: Saving chunks for level 'ServerLevel[morrow_rehearsal_the_end]'/minecraft:the_end
[17:42:56] [Server thread/INFO]: [ChunkHolderManager] Waiting 60s for chunk system to halt for world 'morrow_rehearsal_the_end'
[17:42:56] [Server thread/INFO]: [ChunkHolderManager] Halted chunk system for world 'morrow_rehearsal_the_end'
[17:42:56] [Server thread/INFO]: [ChunkHolderManager] Saving all chunkholders for world 'morrow_rehearsal_the_end'
[17:42:56] [Server thread/INFO]: [ChunkHolderManager] Saved 0 block chunks, 0 entity chunks, 0 poi chunks in world 'morrow_rehearsal_the_end' in 0.00s
[17:42:56] [Server thread/INFO]: [ChunkHolderManager] Waiting 60s for chunk I/O to halt for world 'morrow_rehearsal_the_end'
[17:42:56] [Server thread/INFO]: [ChunkHolderManager] Halted I/O scheduler for world 'morrow_rehearsal_the_end'
[17:42:56] [Server thread/INFO]: ThreadedAnvilChunkStorage (morrow_rehearsal): All chunks are saved
[17:42:56] [Server thread/INFO]: ThreadedAnvilChunkStorage (DIM-1): All chunks are saved
[17:42:56] [Server thread/INFO]: ThreadedAnvilChunkStorage (DIM1): All chunks are saved
[17:42:56] [Server thread/INFO]: ThreadedAnvilChunkStorage: All dimensions are saved
[17:42:56] [Server thread/INFO]: Waiting for all RegionFile I/O tasks to complete...
[17:42:56] [Server thread/INFO]: All RegionFile I/O tasks to complete
[17:42:56] [Server thread/INFO]: [MoonriseCommon] Awaiting termination of worker pool for up to 60s...
[17:42:56] [Server thread/INFO]: [MoonriseCommon] Awaiting termination of I/O pool for up to 60s...
