[00:39:01] [Datafixer Bootstrap/INFO]: 287 Datafixer optimizations took 294 milliseconds
[00:39:04] [Render thread/INFO]: Environment: Environment[sessionHost=https://sessionserver.mojang.com, servicesHost=https://api.minecraftservices.com, profilesHost=https://api.mojang.com, name=PROD]
[00:39:04] [Render thread/INFO]: Setting user: MorrowWitness
[00:39:04] [Render thread/INFO]: Backend library: LWJGL version 3.3.3+5
[00:39:04] [Download-2/ERROR]: Failed to fetch user properties
com.mojang.authlib.exceptions.InvalidCredentialsException: Status: 401
	at com.mojang.authlib.exceptions.MinecraftClientHttpException.toAuthenticationException(MinecraftClientHttpException.java:59)
	at com.mojang.authlib.yggdrasil.YggdrasilUserApiService.fetchProperties(YggdrasilUserApiService.java:150)
	at gfj.bU(SourceFile:457)
	at java.base/java.util.concurrent.CompletableFuture$AsyncSupply.run(CompletableFuture.java:1768)
	at java.base/java.util.concurrent.ThreadPoolExecutor.runWorker(ThreadPoolExecutor.java:1144)
	at java.base/java.util.concurrent.ThreadPoolExecutor$Worker.run(ThreadPoolExecutor.java:642)
	at java.base/java.lang.Thread.run(Thread.java:1583)
Caused by: com.mojang.authlib.exceptions.MinecraftClientHttpException: Status: 401
	at com.mojang.authlib.minecraft.client.MinecraftClient.readInputStream(MinecraftClient.java:103)
	at com.mojang.authlib.minecraft.client.MinecraftClient.get(MinecraftClient.java:56)
	at com.mojang.authlib.yggdrasil.YggdrasilUserApiService.fetchProperties(YggdrasilUserApiService.java:121)
	... 5 more
[00:39:05] [Render thread/INFO]: Using optional rendering extensions: GL_ARB_buffer_storage, GL_KHR_debug, GL_ARB_vertex_attrib_binding, GL_ARB_direct_state_access, GL_EXT_texture_filter_anisotropic
[00:39:05] [Render thread/INFO]: Reloading ResourceManager: vanilla
[00:39:05] [Download-2/INFO]: Could not authorize you against Realms server: java.lang.RuntimeException: Failed to parse into SignedJWT: 0
[00:39:05] [Download-2/ERROR]: Failed to fetch Realms feature flags
gce: Realms authentication error with message 'java.lang.RuntimeException: Failed to parse into SignedJWT: 0'
	at fzz.a(SourceFile:526)
	at fzz.o(SourceFile:186)
	at java.base/java.util.concurrent.CompletableFuture$AsyncSupply.run(CompletableFuture.java:1768)
	at java.base/java.util.concurrent.ThreadPoolExecutor.runWorker(ThreadPoolExecutor.java:1144)
	at java.base/java.util.concurrent.ThreadPoolExecutor$Worker.run(ThreadPoolExecutor.java:642)
	at java.base/java.lang.Thread.run(Thread.java:1583)
[00:39:05] [Worker-Main-13/INFO]: Found unifont_all_no_pua-17.0.01.hex, loading
[00:39:05] [Worker-Main-4/INFO]: Found unifont_pua-17.0.01.hex, loading
[00:39:05] [Worker-Main-4/INFO]: Found unifont_jp_patch-17.0.01.hex, loading
[00:39:06] [Render thread/INFO]: OpenAL initialized on device OpenAL Soft on Speakers (7- USB Audio CODEC )
[00:39:06] [Render thread/INFO]: Sound engine started
[00:39:06] [Render thread/INFO]: Created: 512x256x0 minecraft:textures/atlas/particles.png-atlas
[00:39:06] [Render thread/INFO]: Created: 128x128x0 minecraft:textures/atlas/decorated_pot.png-atlas
[00:39:06] [Render thread/INFO]: Created: 2048x1024x0 minecraft:textures/atlas/armor_trims.png-atlas
[00:39:06] [Render thread/INFO]: Created: 512x256x0 minecraft:textures/atlas/paintings.png-atlas
[00:39:06] [Render thread/INFO]: Created: 1024x512x0 minecraft:textures/atlas/shield_patterns.png-atlas
[00:39:06] [Render thread/INFO]: Created: 2048x2048x4 minecraft:textures/atlas/blocks.png-atlas
[00:39:06] [Render thread/INFO]: Created: 512x512x0 minecraft:textures/atlas/chest.png-atlas
[00:39:06] [Render thread/INFO]: Created: 256x128x0 minecraft:textures/atlas/celestials.png-atlas
[00:39:06] [Render thread/INFO]: Created: 1024x512x0 minecraft:textures/atlas/banner_patterns.png-atlas
[00:39:06] [Render thread/INFO]: Created: 512x512x0 minecraft:textures/atlas/beds.png-atlas
[00:39:06] [Render thread/INFO]: Created: 1024x512x0 minecraft:textures/atlas/items.png-atlas
[00:39:06] [Render thread/INFO]: Created: 1024x1024x0 minecraft:textures/atlas/gui.png-atlas
[00:39:06] [Render thread/INFO]: Created: 128x64x0 minecraft:textures/atlas/map_decorations.png-atlas
[00:39:06] [Render thread/INFO]: Created: 512x256x0 minecraft:textures/atlas/signs.png-atlas
[00:39:06] [Render thread/INFO]: Created: 512x512x0 minecraft:textures/atlas/shulker_boxes.png-atlas
[00:39:06] [Render thread/INFO]: Connecting to 127.0.0.1, 25595
[00:39:06] [Download-2/ERROR]: Failed to retrieve profile key pair
com.mojang.authlib.exceptions.MinecraftClientHttpException: Status: 401
	at com.mojang.authlib.minecraft.client.MinecraftClient.readInputStream(MinecraftClient.java:103)
	at com.mojang.authlib.minecraft.client.MinecraftClient.post(MinecraftClient.java:64)
	at com.mojang.authlib.yggdrasil.YggdrasilUserApiService.getKeyPair(YggdrasilUserApiService.java:61)
	at hhv.a(SourceFile:128)
	at hhv.b(SourceFile:77)
	at java.base/java.util.concurrent.CompletableFuture$AsyncSupply.run(CompletableFuture.java:1768)
	at java.base/java.util.concurrent.ThreadPoolExecutor.runWorker(ThreadPoolExecutor.java:1144)
	at java.base/java.util.concurrent.ThreadPoolExecutor$Worker.run(ThreadPoolExecutor.java:642)
	at java.base/java.lang.Thread.run(Thread.java:1583)
[00:39:07] [Render thread/INFO]: [System] [CHAT] MorrowWitness joined the game
[00:39:07] [Render thread/INFO]: Loaded 2 advancements
[00:39:07] [Render thread/INFO]: Resizing Dynamic Transforms UBO, capacity limit of 2 reached during a single frame. New capacity will be 4.
[00:39:07] [Render thread/INFO]: Resizing Dynamic Transforms UBO, capacity limit of 4 reached during a single frame. New capacity will be 8.
[00:39:08] [Render thread/INFO]: Resizing Chunk Sections UBO, capacity limit of 2 reached during a single frame. New capacity will be 8.
[00:39:08] [Render thread/INFO]: Resizing Chunk Sections UBO, capacity limit of 8 reached during a single frame. New capacity will be 16.
